This is pdfTeX, Version 3.141592653-2.6-1.40.26 (TeX Live 2025/dev/Debian) (preloaded format=pdflatex 2025.5.19)  19 DEC 2025 12:52
entering extended mode
 restricted \write18 enabled.
 file:line:error style messages enabled.
 %&-line parsing enabled.
**/home/fire/PRM-FRAMEWORK/src/documentation/PRM_Framework_Paper.tex
(/home/fire/PRM-FRAMEWORK/src/documentation/PRM_Framework_Paper.tex
LaTeX2e <2024-11-01> patch level 2
L3 programming layer <2025-01-18>

! LaTeX Error: File `IEEEtran.cls' not found.

Type X to quit or <RETURN> to proceed,
or enter new name. (Default extension: cls)

Enter file name: 
/home/fire/PRM-FRAMEWORK/src/documentation/PRM_Framework_Paper.tex:3: Emergency stop.
<read *> 
         
l.3 \usepackage
               [utf8]{inputenc}^^M
*** (cannot \read from terminal in nonstop modes)

 
Here is how much of TeX's memory you used:
 20 strings out of 475178
 614 string characters out of 5766539
 386848 words of memory out of 5000000
 23114 multiletter control sequences out of 15000+600000
 558837 words of font info for 36 fonts, out of 8000000 for 9000
 14 hyphenation exceptions out of 8191
 19i,0n,29p,129b,17s stack positions out of 10000i,1000n,20000p,200000b,200000s
/home/fire/PRM-FRAMEWORK/src/documentation/PRM_Framework_Paper.tex:3:  ==> Fatal error occurred, no output PDF file produced!
