Testing 1000000 open() syscalls on /tmp/my_secret_area/test.dat
Iteration 0: SUCCESS 73.44 μs
Iteration 1000: SUCCESS 20.76 μs
Iteration 2000: SUCCESS 20.21 μs
Iteration 3000: SUCCESS 26.65 μs
Iteration 4000: SUCCESS 15.46 μs
Iteration 5000: SUCCESS 14.69 μs
Iteration 6000: SUCCESS 14.47 μs
Iteration 7000: SUCCESS 14.80 μs
Iteration 8000: SUCCESS 14.48 μs
Iteration 9000: SUCCESS 14.80 μs
Iteration 10000: SUCCESS 16.98 μs
Iteration 11000: SUCCESS 18.39 μs
Iteration 12000: SUCCESS 21.06 μs
Iteration 13000: SUCCESS 15.87 μs
Iteration 14000: SUCCESS 15.49 μs
Iteration 15000: SUCCESS 14.67 μs
Iteration 16000: SUCCESS 14.44 μs
Iteration 17000: SUCCESS 14.65 μs
Iteration 18000: SUCCESS 14.13 μs
Iteration 19000: SUCCESS 14.20 μs
Iteration 20000: SUCCESS 14.26 μs
Iteration 21000: SUCCESS 14.50 μs
Iteration 22000: SUCCESS 14.54 μs
Iteration 23000: SUCCESS 14.61 μs
Iteration 24000: SUCCESS 14.54 μs
Iteration 25000: SUCCESS 14.29 μs
Iteration 26000: SUCCESS 30.31 μs
Iteration 27000: SUCCESS 40.14 μs
Iteration 28000: SUCCESS 14.14 μs
Iteration 29000: SUCCESS 14.76 μs
Iteration 30000: SUCCESS 14.71 μs
Iteration 31000: SUCCESS 14.75 μs
Iteration 32000: SUCCESS 14.90 μs
Iteration 33000: SUCCESS 15.49 μs
Iteration 34000: SUCCESS 15.98 μs
Iteration 35000: SUCCESS 16.50 μs
Iteration 36000: SUCCESS 15.84 μs
Iteration 37000: SUCCESS 25.23 μs
Iteration 38000: SUCCESS 21.53 μs
Iteration 39000: SUCCESS 15.08 μs
Iteration 40000: SUCCESS 24.83 μs
Iteration 41000: SUCCESS 14.72 μs
Iteration 42000: SUCCESS 16.30 μs
Iteration 43000: SUCCESS 14.55 μs
Iteration 44000: SUCCESS 14.76 μs
Iteration 45000: SUCCESS 14.69 μs
Iteration 46000: SUCCESS 26.28 μs
Iteration 47000: SUCCESS 14.72 μs
Iteration 48000: SUCCESS 14.61 μs
Iteration 49000: SUCCESS 14.74 μs
Iteration 50000: SUCCESS 38.89 μs
Iteration 51000: SUCCESS 14.58 μs
Iteration 52000: SUCCESS 16.90 μs
Iteration 53000: SUCCESS 14.27 μs
Iteration 54000: SUCCESS 17.20 μs
Iteration 55000: SUCCESS 14.13 μs
Iteration 56000: SUCCESS 17.20 μs
Iteration 57000: SUCCESS 14.74 μs
Iteration 58000: SUCCESS 14.55 μs
Iteration 59000: SUCCESS 14.07 μs
Iteration 60000: SUCCESS 14.17 μs
Iteration 61000: SUCCESS 14.12 μs
Iteration 62000: SUCCESS 14.31 μs
Iteration 63000: SUCCESS 14.66 μs
Iteration 64000: SUCCESS 14.13 μs
Iteration 65000: SUCCESS 14.44 μs
Iteration 66000: SUCCESS 14.36 μs
Iteration 67000: SUCCESS 14.58 μs
Iteration 68000: SUCCESS 14.46 μs
Iteration 69000: SUCCESS 16.28 μs
Iteration 70000: SUCCESS 24.79 μs
Iteration 71000: SUCCESS 16.95 μs
Iteration 72000: SUCCESS 21.07 μs
Iteration 73000: SUCCESS 14.71 μs
Iteration 74000: SUCCESS 14.55 μs
Iteration 75000: SUCCESS 14.58 μs
Iteration 76000: SUCCESS 19.22 μs
Iteration 77000: SUCCESS 14.30 μs
Iteration 78000: SUCCESS 14.16 μs
Iteration 79000: SUCCESS 14.28 μs
Iteration 80000: SUCCESS 14.21 μs
Iteration 81000: SUCCESS 14.42 μs
Iteration 82000: SUCCESS 14.21 μs
Iteration 83000: SUCCESS 17.11 μs
Iteration 84000: SUCCESS 14.54 μs
Iteration 85000: SUCCESS 14.18 μs
Iteration 86000: SUCCESS 14.34 μs
Iteration 87000: SUCCESS 14.94 μs
Iteration 88000: SUCCESS 14.52 μs
Iteration 89000: SUCCESS 14.60 μs
Iteration 90000: SUCCESS 14.69 μs
Iteration 91000: SUCCESS 15.78 μs
Iteration 92000: SUCCESS 14.07 μs
Iteration 93000: SUCCESS 14.62 μs
Iteration 94000: SUCCESS 14.63 μs
Iteration 95000: SUCCESS 14.51 μs
Iteration 96000: SUCCESS 26.05 μs
Iteration 97000: SUCCESS 14.48 μs
Iteration 98000: SUCCESS 14.06 μs
Iteration 99000: SUCCESS 14.50 μs
Iteration 100000: SUCCESS 14.74 μs
Iteration 101000: SUCCESS 25.72 μs
Iteration 102000: SUCCESS 14.95 μs
Iteration 103000: SUCCESS 14.73 μs
Iteration 104000: SUCCESS 22.96 μs
Iteration 105000: SUCCESS 20.39 μs
Iteration 106000: SUCCESS 21.59 μs
Iteration 107000: SUCCESS 14.52 μs
Iteration 108000: SUCCESS 14.13 μs
Iteration 109000: SUCCESS 14.06 μs
Iteration 110000: SUCCESS 14.17 μs
Iteration 111000: SUCCESS 14.65 μs
Iteration 112000: SUCCESS 14.57 μs
Iteration 113000: SUCCESS 15.63 μs
Iteration 114000: SUCCESS 36.12 μs
Iteration 115000: SUCCESS 14.29 μs
Iteration 116000: SUCCESS 14.11 μs
Iteration 117000: SUCCESS 14.53 μs
Iteration 118000: SUCCESS 14.21 μs
Iteration 119000: SUCCESS 14.25 μs
Iteration 120000: SUCCESS 14.11 μs
Iteration 121000: SUCCESS 14.38 μs
Iteration 122000: SUCCESS 14.55 μs
Iteration 123000: SUCCESS 14.61 μs
Iteration 124000: SUCCESS 14.27 μs
Iteration 125000: SUCCESS 14.05 μs
Iteration 126000: SUCCESS 14.17 μs
Iteration 127000: SUCCESS 14.30 μs
Iteration 128000: SUCCESS 16.45 μs
Iteration 129000: SUCCESS 27.15 μs
Iteration 130000: SUCCESS 16.52 μs
Iteration 131000: SUCCESS 14.84 μs
Iteration 132000: SUCCESS 14.74 μs
Iteration 133000: SUCCESS 19.40 μs
Iteration 134000: SUCCESS 14.71 μs
Iteration 135000: SUCCESS 14.28 μs
Iteration 136000: SUCCESS 14.17 μs
Iteration 137000: SUCCESS 14.26 μs
Iteration 138000: SUCCESS 14.19 μs
Iteration 139000: SUCCESS 14.22 μs
Iteration 140000: SUCCESS 14.21 μs
Iteration 141000: SUCCESS 14.59 μs
Iteration 142000: SUCCESS 14.68 μs
Iteration 143000: SUCCESS 19.84 μs
Iteration 144000: SUCCESS 14.85 μs
Iteration 145000: SUCCESS 14.51 μs
Iteration 146000: SUCCESS 14.43 μs
Iteration 147000: SUCCESS 14.69 μs
Iteration 148000: SUCCESS 14.45 μs
Iteration 149000: SUCCESS 14.24 μs
Iteration 150000: SUCCESS 15.43 μs
Iteration 151000: SUCCESS 14.16 μs
Iteration 152000: SUCCESS 14.22 μs
Iteration 153000: SUCCESS 14.68 μs
Iteration 154000: SUCCESS 14.36 μs
Iteration 155000: SUCCESS 14.45 μs
Iteration 156000: SUCCESS 14.27 μs
Iteration 157000: SUCCESS 14.68 μs
Iteration 158000: SUCCESS 14.46 μs
Iteration 159000: SUCCESS 14.27 μs
Iteration 160000: SUCCESS 15.00 μs
Iteration 161000: SUCCESS 14.25 μs
Iteration 162000: SUCCESS 14.05 μs
Iteration 163000: SUCCESS 14.19 μs
Iteration 164000: SUCCESS 14.13 μs
Iteration 165000: SUCCESS 16.76 μs
Iteration 166000: SUCCESS 30.38 μs
Iteration 167000: SUCCESS 14.08 μs
Iteration 168000: SUCCESS 15.60 μs
Iteration 169000: SUCCESS 14.12 μs
Iteration 170000: SUCCESS 14.94 μs
Iteration 171000: SUCCESS 14.46 μs
Iteration 172000: SUCCESS 14.57 μs
Iteration 173000: SUCCESS 14.60 μs
Iteration 174000: SUCCESS 14.91 μs
Iteration 175000: SUCCESS 14.14 μs
Iteration 176000: SUCCESS 14.47 μs
Iteration 177000: SUCCESS 14.78 μs
Iteration 178000: SUCCESS 14.15 μs
Iteration 179000: SUCCESS 14.91 μs
Iteration 180000: SUCCESS 14.15 μs
Iteration 181000: SUCCESS 14.26 μs
Iteration 182000: SUCCESS 22.88 μs
Iteration 183000: SUCCESS 14.66 μs
Iteration 184000: SUCCESS 14.59 μs
Iteration 185000: SUCCESS 14.10 μs
Iteration 186000: SUCCESS 14.53 μs
Iteration 187000: SUCCESS 13.80 μs
Iteration 188000: SUCCESS 15.29 μs
Iteration 189000: SUCCESS 17.88 μs
Iteration 190000: SUCCESS 15.79 μs
Iteration 191000: SUCCESS 14.48 μs
Iteration 192000: SUCCESS 14.49 μs
Iteration 193000: SUCCESS 14.40 μs
Iteration 194000: SUCCESS 14.22 μs
Iteration 195000: SUCCESS 14.49 μs
Iteration 196000: SUCCESS 14.18 μs
Iteration 197000: SUCCESS 14.43 μs
Iteration 198000: SUCCESS 45.69 μs
Iteration 199000: SUCCESS 15.08 μs
Iteration 200000: SUCCESS 14.65 μs
Iteration 201000: SUCCESS 14.77 μs
Iteration 202000: SUCCESS 14.08 μs
Iteration 203000: SUCCESS 14.53 μs
Iteration 204000: SUCCESS 14.12 μs
Iteration 205000: SUCCESS 14.96 μs
Iteration 206000: SUCCESS 17.65 μs
Iteration 207000: SUCCESS 15.00 μs
Iteration 208000: SUCCESS 14.72 μs
Iteration 209000: SUCCESS 14.47 μs
Iteration 210000: SUCCESS 14.43 μs
Iteration 211000: SUCCESS 14.72 μs
Iteration 212000: SUCCESS 24.48 μs
Iteration 213000: SUCCESS 16.74 μs
Iteration 214000: SUCCESS 15.73 μs
Iteration 215000: SUCCESS 15.69 μs
Iteration 216000: SUCCESS 25.20 μs
Iteration 217000: SUCCESS 14.27 μs
Iteration 218000: SUCCESS 14.66 μs
Iteration 219000: SUCCESS 14.53 μs
Iteration 220000: SUCCESS 14.89 μs
Iteration 221000: SUCCESS 32.79 μs
Iteration 222000: SUCCESS 14.41 μs
Iteration 223000: SUCCESS 15.71 μs
Iteration 224000: SUCCESS 14.85 μs
Iteration 225000: SUCCESS 16.68 μs
Iteration 226000: SUCCESS 14.57 μs
Iteration 227000: SUCCESS 14.22 μs
Iteration 228000: SUCCESS 14.84 μs
Iteration 229000: SUCCESS 14.47 μs
Iteration 230000: SUCCESS 14.79 μs
Iteration 231000: SUCCESS 14.84 μs
Iteration 232000: SUCCESS 14.35 μs
Iteration 233000: SUCCESS 14.48 μs
Iteration 234000: SUCCESS 14.45 μs
Iteration 235000: SUCCESS 14.44 μs
Iteration 236000: SUCCESS 14.33 μs
Iteration 237000: SUCCESS 14.62 μs
Iteration 238000: SUCCESS 14.30 μs
Iteration 239000: SUCCESS 14.56 μs
Iteration 240000: SUCCESS 13.98 μs
Iteration 241000: SUCCESS 14.34 μs
Iteration 242000: SUCCESS 14.32 μs
Iteration 243000: SUCCESS 15.14 μs
Iteration 244000: SUCCESS 14.67 μs
Iteration 245000: SUCCESS 14.62 μs
Iteration 246000: SUCCESS 14.92 μs
Iteration 247000: SUCCESS 14.27 μs
Iteration 248000: SUCCESS 15.59 μs
Iteration 249000: SUCCESS 17.86 μs
Iteration 250000: SUCCESS 15.11 μs
Iteration 251000: SUCCESS 14.79 μs
Iteration 252000: SUCCESS 14.32 μs
Iteration 253000: SUCCESS 14.51 μs
Iteration 254000: SUCCESS 14.89 μs
Iteration 255000: SUCCESS 16.75 μs
Iteration 256000: SUCCESS 14.36 μs
Iteration 257000: SUCCESS 14.86 μs
Iteration 258000: SUCCESS 13.95 μs
Iteration 259000: SUCCESS 14.16 μs
Iteration 260000: SUCCESS 14.71 μs
Iteration 261000: SUCCESS 14.31 μs
Iteration 262000: SUCCESS 14.35 μs
Iteration 263000: SUCCESS 13.94 μs
Iteration 264000: SUCCESS 13.73 μs
Iteration 265000: SUCCESS 40.49 μs
Iteration 266000: SUCCESS 14.79 μs
Iteration 267000: SUCCESS 14.63 μs
Iteration 268000: SUCCESS 14.27 μs
Iteration 269000: SUCCESS 14.40 μs
Iteration 270000: SUCCESS 14.38 μs
Iteration 271000: SUCCESS 16.15 μs
Iteration 272000: SUCCESS 16.40 μs
Iteration 273000: SUCCESS 17.04 μs
Iteration 274000: SUCCESS 15.41 μs
Iteration 275000: SUCCESS 14.88 μs
Iteration 276000: SUCCESS 14.63 μs
Iteration 277000: SUCCESS 14.39 μs
Iteration 278000: SUCCESS 16.52 μs
Iteration 279000: SUCCESS 14.34 μs
Iteration 280000: SUCCESS 14.32 μs
Iteration 281000: SUCCESS 14.72 μs
Iteration 282000: SUCCESS 14.46 μs
Iteration 283000: SUCCESS 14.36 μs
Iteration 284000: SUCCESS 14.20 μs
Iteration 285000: SUCCESS 21.55 μs
Iteration 286000: SUCCESS 29.62 μs
Iteration 287000: SUCCESS 14.49 μs
Iteration 288000: SUCCESS 14.67 μs
Iteration 289000: SUCCESS 14.83 μs
Iteration 290000: SUCCESS 14.36 μs
Iteration 291000: SUCCESS 14.40 μs
Iteration 292000: SUCCESS 14.81 μs
Iteration 293000: SUCCESS 14.38 μs
Iteration 294000: SUCCESS 14.17 μs
Iteration 295000: SUCCESS 14.24 μs
Iteration 296000: SUCCESS 16.86 μs
Iteration 297000: SUCCESS 14.20 μs
Iteration 298000: SUCCESS 39.32 μs
Iteration 299000: SUCCESS 14.53 μs
Iteration 300000: SUCCESS 14.60 μs
Iteration 301000: SUCCESS 14.59 μs
Iteration 302000: SUCCESS 22.29 μs
Iteration 303000: SUCCESS 15.48 μs
Iteration 304000: SUCCESS 22.69 μs
Iteration 305000: SUCCESS 14.64 μs
Iteration 306000: SUCCESS 15.39 μs
Iteration 307000: SUCCESS 16.88 μs
Iteration 308000: SUCCESS 15.02 μs
Iteration 309000: SUCCESS 14.70 μs
Iteration 310000: SUCCESS 14.86 μs
Iteration 311000: SUCCESS 17.02 μs
Iteration 312000: SUCCESS 15.47 μs
Iteration 313000: SUCCESS 14.68 μs
Iteration 314000: SUCCESS 14.34 μs
Iteration 315000: SUCCESS 14.63 μs
Iteration 316000: SUCCESS 15.27 μs
Iteration 317000: SUCCESS 14.47 μs
Iteration 318000: SUCCESS 14.82 μs
Iteration 319000: SUCCESS 14.65 μs
Iteration 320000: SUCCESS 14.43 μs
Iteration 321000: SUCCESS 14.29 μs
Iteration 322000: SUCCESS 14.37 μs
Iteration 323000: SUCCESS 14.72 μs
Iteration 324000: SUCCESS 14.35 μs
Iteration 325000: SUCCESS 14.51 μs
Iteration 326000: SUCCESS 15.00 μs
Iteration 327000: SUCCESS 14.81 μs
Iteration 328000: SUCCESS 24.83 μs
Iteration 329000: SUCCESS 14.66 μs
Iteration 330000: SUCCESS 14.27 μs
Iteration 331000: SUCCESS 15.03 μs
Iteration 332000: SUCCESS 14.38 μs
Iteration 333000: SUCCESS 14.62 μs
Iteration 334000: SUCCESS 14.20 μs
Iteration 335000: SUCCESS 14.27 μs
Iteration 336000: SUCCESS 14.66 μs
Iteration 337000: SUCCESS 14.18 μs
Iteration 338000: SUCCESS 14.27 μs
Iteration 339000: SUCCESS 14.47 μs
Iteration 340000: SUCCESS 14.31 μs
Iteration 341000: SUCCESS 14.28 μs
Iteration 342000: SUCCESS 14.14 μs
Iteration 343000: SUCCESS 14.77 μs
Iteration 344000: SUCCESS 14.47 μs
Iteration 345000: SUCCESS 14.24 μs
Iteration 346000: SUCCESS 14.47 μs
Iteration 347000: SUCCESS 22.52 μs
Iteration 348000: SUCCESS 14.25 μs
Iteration 349000: SUCCESS 14.34 μs
Iteration 350000: SUCCESS 15.71 μs
Iteration 351000: SUCCESS 14.26 μs
Iteration 352000: SUCCESS 14.17 μs
Iteration 353000: SUCCESS 46.69 μs
Iteration 354000: SUCCESS 14.34 μs
Iteration 355000: SUCCESS 14.46 μs
Iteration 356000: SUCCESS 14.64 μs
Iteration 357000: SUCCESS 14.29 μs
Iteration 358000: SUCCESS 14.21 μs
Iteration 359000: SUCCESS 23.18 μs
Iteration 360000: SUCCESS 15.10 μs
Iteration 361000: SUCCESS 14.68 μs
Iteration 362000: SUCCESS 14.60 μs
Iteration 363000: SUCCESS 55.29 μs
Iteration 364000: SUCCESS 15.55 μs
Iteration 365000: SUCCESS 16.44 μs
Iteration 366000: SUCCESS 16.86 μs
Iteration 367000: SUCCESS 15.11 μs
Iteration 368000: SUCCESS 14.61 μs
Iteration 369000: SUCCESS 14.51 μs
Iteration 370000: SUCCESS 14.87 μs
Iteration 371000: SUCCESS 14.63 μs
Iteration 372000: SUCCESS 14.68 μs
Iteration 373000: SUCCESS 14.43 μs
Iteration 374000: SUCCESS 35.49 μs
Iteration 375000: SUCCESS 15.41 μs
Iteration 376000: SUCCESS 17.85 μs
Iteration 377000: SUCCESS 14.73 μs
Iteration 378000: SUCCESS 14.60 μs
Iteration 379000: SUCCESS 17.31 μs
Iteration 380000: SUCCESS 14.28 μs
Iteration 381000: SUCCESS 14.37 μs
Iteration 382000: SUCCESS 14.93 μs
Iteration 383000: SUCCESS 14.71 μs
Iteration 384000: SUCCESS 17.44 μs
Iteration 385000: SUCCESS 30.15 μs
Iteration 386000: SUCCESS 42.56 μs
Iteration 387000: SUCCESS 14.48 μs
Iteration 388000: SUCCESS 14.27 μs
Iteration 389000: SUCCESS 14.18 μs
Iteration 390000: SUCCESS 14.41 μs
Iteration 391000: SUCCESS 14.54 μs
Iteration 392000: SUCCESS 14.59 μs
Iteration 393000: SUCCESS 15.01 μs
Iteration 394000: SUCCESS 15.19 μs
Iteration 395000: SUCCESS 14.78 μs
Iteration 396000: SUCCESS 14.31 μs
Iteration 397000: SUCCESS 14.32 μs
Iteration 398000: SUCCESS 15.64 μs
Iteration 399000: SUCCESS 14.71 μs
Iteration 400000: SUCCESS 14.76 μs
Iteration 401000: SUCCESS 15.86 μs
Iteration 402000: SUCCESS 14.79 μs
Iteration 403000: SUCCESS 14.25 μs
Iteration 404000: SUCCESS 14.21 μs
Iteration 405000: SUCCESS 14.31 μs
Iteration 406000: SUCCESS 14.94 μs
Iteration 407000: SUCCESS 14.60 μs
Iteration 408000: SUCCESS 14.64 μs
Iteration 409000: SUCCESS 14.39 μs
Iteration 410000: SUCCESS 15.75 μs
Iteration 411000: SUCCESS 14.12 μs
Iteration 412000: SUCCESS 14.35 μs
Iteration 413000: SUCCESS 14.26 μs
Iteration 414000: SUCCESS 14.42 μs
Iteration 415000: SUCCESS 14.26 μs
Iteration 416000: SUCCESS 14.79 μs
Iteration 417000: SUCCESS 14.33 μs
Iteration 418000: SUCCESS 14.67 μs
Iteration 419000: SUCCESS 14.15 μs
Iteration 420000: SUCCESS 14.20 μs
Iteration 421000: SUCCESS 14.55 μs
Iteration 422000: SUCCESS 14.95 μs
Iteration 423000: SUCCESS 14.89 μs
Iteration 424000: SUCCESS 15.70 μs
Iteration 425000: SUCCESS 17.68 μs
Iteration 426000: SUCCESS 15.57 μs
Iteration 427000: SUCCESS 15.32 μs
Iteration 428000: SUCCESS 14.68 μs
Iteration 429000: SUCCESS 14.53 μs
Iteration 430000: SUCCESS 14.29 μs
Iteration 431000: SUCCESS 14.43 μs
Iteration 432000: SUCCESS 14.24 μs
Iteration 433000: SUCCESS 14.28 μs
Iteration 434000: SUCCESS 14.34 μs
Iteration 435000: SUCCESS 15.09 μs
Iteration 436000: SUCCESS 14.33 μs
Iteration 437000: SUCCESS 14.84 μs
Iteration 438000: SUCCESS 14.56 μs
Iteration 439000: SUCCESS 14.67 μs
Iteration 440000: SUCCESS 14.67 μs
Iteration 441000: SUCCESS 24.35 μs
Iteration 442000: SUCCESS 15.18 μs
Iteration 443000: SUCCESS 14.25 μs
Iteration 444000: SUCCESS 14.72 μs
Iteration 445000: SUCCESS 14.88 μs
Iteration 446000: SUCCESS 15.42 μs
Iteration 447000: SUCCESS 20.61 μs
Iteration 448000: SUCCESS 14.75 μs
Iteration 449000: SUCCESS 15.55 μs
Iteration 450000: SUCCESS 14.29 μs
Iteration 451000: SUCCESS 14.68 μs
Iteration 452000: SUCCESS 16.33 μs
Iteration 453000: SUCCESS 14.94 μs
Iteration 454000: SUCCESS 14.78 μs
Iteration 455000: SUCCESS 14.64 μs
Iteration 456000: SUCCESS 14.28 μs
Iteration 457000: SUCCESS 14.48 μs
Iteration 458000: SUCCESS 14.61 μs
Iteration 459000: SUCCESS 14.42 μs
Iteration 460000: SUCCESS 14.30 μs
Iteration 461000: SUCCESS 14.68 μs
Iteration 462000: SUCCESS 14.60 μs
Iteration 463000: SUCCESS 14.48 μs
Iteration 464000: SUCCESS 14.51 μs
Iteration 465000: SUCCESS 14.38 μs
Iteration 466000: SUCCESS 14.26 μs
Iteration 467000: SUCCESS 14.34 μs
Iteration 468000: SUCCESS 16.03 μs
Iteration 469000: SUCCESS 14.47 μs
Iteration 470000: SUCCESS 14.57 μs
Iteration 471000: SUCCESS 14.17 μs
Iteration 472000: SUCCESS 14.21 μs
Iteration 473000: SUCCESS 14.39 μs
Iteration 474000: SUCCESS 14.14 μs
Iteration 475000: SUCCESS 14.12 μs
Iteration 476000: SUCCESS 14.21 μs
Iteration 477000: SUCCESS 14.72 μs
Iteration 478000: SUCCESS 163.37 μs
Iteration 479000: SUCCESS 21.67 μs
Iteration 480000: SUCCESS 15.06 μs
Iteration 481000: SUCCESS 14.31 μs
Iteration 482000: SUCCESS 27.54 μs
Iteration 483000: SUCCESS 15.51 μs
Iteration 484000: SUCCESS 17.25 μs
Iteration 485000: SUCCESS 23.82 μs
Iteration 486000: SUCCESS 19.09 μs
Iteration 487000: SUCCESS 16.57 μs
Iteration 488000: SUCCESS 15.08 μs
Iteration 489000: SUCCESS 16.85 μs
Iteration 490000: SUCCESS 18.99 μs
Iteration 491000: SUCCESS 14.24 μs
Iteration 492000: SUCCESS 14.34 μs
Iteration 493000: SUCCESS 14.36 μs
Iteration 494000: SUCCESS 14.63 μs
Iteration 495000: SUCCESS 14.19 μs
Iteration 496000: SUCCESS 14.23 μs
Iteration 497000: SUCCESS 14.58 μs
Iteration 498000: SUCCESS 14.24 μs
Iteration 499000: SUCCESS 14.85 μs
Iteration 500000: SUCCESS 14.71 μs
Iteration 501000: SUCCESS 14.36 μs
Iteration 502000: SUCCESS 14.43 μs
Iteration 503000: SUCCESS 14.27 μs
Iteration 504000: SUCCESS 29.82 μs
Iteration 505000: SUCCESS 14.30 μs
Iteration 506000: SUCCESS 14.31 μs
Iteration 507000: SUCCESS 14.17 μs
Iteration 508000: SUCCESS 14.34 μs
Iteration 509000: SUCCESS 14.30 μs
Iteration 510000: SUCCESS 25.16 μs
Iteration 511000: SUCCESS 14.58 μs
Iteration 512000: SUCCESS 14.58 μs
Iteration 513000: SUCCESS 14.71 μs
Iteration 514000: SUCCESS 14.73 μs
Iteration 515000: SUCCESS 14.25 μs
Iteration 516000: SUCCESS 21.35 μs
Iteration 517000: SUCCESS 30.30 μs
Iteration 518000: SUCCESS 14.41 μs
Iteration 519000: SUCCESS 17.00 μs
Iteration 520000: SUCCESS 14.26 μs
Iteration 521000: SUCCESS 16.65 μs
Iteration 522000: SUCCESS 14.76 μs
Iteration 523000: SUCCESS 14.27 μs
Iteration 524000: SUCCESS 14.30 μs
Iteration 525000: SUCCESS 14.69 μs
Iteration 526000: SUCCESS 14.66 μs
Iteration 527000: SUCCESS 14.25 μs
Iteration 528000: SUCCESS 14.29 μs
Iteration 529000: SUCCESS 14.19 μs
Iteration 530000: SUCCESS 17.18 μs
Iteration 531000: SUCCESS 15.00 μs
Iteration 532000: SUCCESS 14.23 μs
Iteration 533000: SUCCESS 13.91 μs
Iteration 534000: SUCCESS 16.68 μs
Iteration 535000: SUCCESS 33.23 μs
Iteration 536000: SUCCESS 14.33 μs
Iteration 537000: SUCCESS 16.64 μs
Iteration 538000: SUCCESS 14.26 μs
Iteration 539000: SUCCESS 14.71 μs
Iteration 540000: SUCCESS 14.45 μs
Iteration 541000: SUCCESS 14.31 μs
Iteration 542000: SUCCESS 14.33 μs
Iteration 543000: SUCCESS 18.25 μs
Iteration 544000: SUCCESS 17.00 μs
Iteration 545000: SUCCESS 18.00 μs
Iteration 546000: SUCCESS 14.89 μs
Iteration 547000: SUCCESS 14.81 μs
Iteration 548000: SUCCESS 14.28 μs
Iteration 549000: SUCCESS 14.23 μs
Iteration 550000: SUCCESS 14.30 μs
Iteration 551000: SUCCESS 17.21 μs
Iteration 552000: SUCCESS 14.31 μs
Iteration 553000: SUCCESS 29.86 μs
Iteration 554000: SUCCESS 14.32 μs
Iteration 555000: SUCCESS 14.60 μs
Iteration 556000: SUCCESS 14.23 μs
Iteration 557000: SUCCESS 14.51 μs
Iteration 558000: SUCCESS 14.59 μs
Iteration 559000: SUCCESS 19.25 μs
Iteration 560000: SUCCESS 14.97 μs
Iteration 561000: SUCCESS 14.27 μs
Iteration 562000: SUCCESS 14.12 μs
Iteration 563000: SUCCESS 14.81 μs
Iteration 564000: SUCCESS 14.40 μs
Iteration 565000: SUCCESS 14.23 μs
Iteration 566000: SUCCESS 48.21 μs
Iteration 567000: SUCCESS 14.35 μs
Iteration 568000: SUCCESS 14.28 μs
Iteration 569000: SUCCESS 14.42 μs
Iteration 570000: SUCCESS 22.73 μs
Iteration 571000: SUCCESS 14.85 μs
Iteration 572000: SUCCESS 14.92 μs
Iteration 573000: SUCCESS 14.28 μs
Iteration 574000: SUCCESS 29.53 μs
Iteration 575000: SUCCESS 14.21 μs
Iteration 576000: SUCCESS 14.23 μs
Iteration 577000: SUCCESS 14.72 μs
Iteration 578000: SUCCESS 14.27 μs
Iteration 579000: SUCCESS 15.14 μs
Iteration 580000: SUCCESS 14.40 μs
Iteration 581000: SUCCESS 14.66 μs
Iteration 582000: SUCCESS 14.30 μs
Iteration 583000: SUCCESS 14.84 μs
Iteration 584000: SUCCESS 14.29 μs
Iteration 585000: SUCCESS 14.23 μs
Iteration 586000: SUCCESS 14.29 μs
Iteration 587000: SUCCESS 14.65 μs
Iteration 588000: SUCCESS 119.69 μs
Iteration 589000: SUCCESS 14.66 μs
Iteration 590000: SUCCESS 14.71 μs
Iteration 591000: SUCCESS 14.71 μs
Iteration 592000: SUCCESS 14.85 μs
Iteration 593000: SUCCESS 14.36 μs
Iteration 594000: SUCCESS 14.92 μs
Iteration 595000: SUCCESS 20.57 μs
Iteration 596000: SUCCESS 14.76 μs
Iteration 597000: SUCCESS 14.88 μs
Iteration 598000: SUCCESS 14.89 μs
Iteration 599000: SUCCESS 14.18 μs
Iteration 600000: SUCCESS 14.39 μs
Iteration 601000: SUCCESS 14.71 μs
Iteration 602000: SUCCESS 18.24 μs
Iteration 603000: SUCCESS 20.33 μs
Iteration 604000: SUCCESS 14.80 μs
Iteration 605000: SUCCESS 14.86 μs
Iteration 606000: SUCCESS 15.40 μs
Iteration 607000: SUCCESS 14.25 μs
Iteration 608000: SUCCESS 24.35 μs
Iteration 609000: SUCCESS 14.36 μs
Iteration 610000: SUCCESS 14.52 μs
Iteration 611000: SUCCESS 14.16 μs
Iteration 612000: SUCCESS 14.56 μs
Iteration 613000: SUCCESS 50.04 μs
Iteration 614000: SUCCESS 14.23 μs
Iteration 615000: SUCCESS 14.24 μs
Iteration 616000: SUCCESS 14.69 μs
Iteration 617000: SUCCESS 14.16 μs
Iteration 618000: SUCCESS 15.17 μs
Iteration 619000: SUCCESS 14.22 μs
Iteration 620000: SUCCESS 14.35 μs
Iteration 621000: SUCCESS 14.24 μs
Iteration 622000: SUCCESS 14.73 μs
Iteration 623000: SUCCESS 14.30 μs
Iteration 624000: SUCCESS 14.27 μs
Iteration 625000: SUCCESS 14.26 μs
Iteration 626000: SUCCESS 14.37 μs
Iteration 627000: SUCCESS 14.72 μs
Iteration 628000: SUCCESS 14.60 μs
Iteration 629000: SUCCESS 14.55 μs
Iteration 630000: SUCCESS 14.22 μs
Iteration 631000: SUCCESS 14.10 μs
Iteration 632000: SUCCESS 14.27 μs
Iteration 633000: SUCCESS 17.08 μs
Iteration 634000: SUCCESS 14.10 μs
Iteration 635000: SUCCESS 14.83 μs
Iteration 636000: SUCCESS 14.11 μs
Iteration 637000: SUCCESS 14.28 μs
Iteration 638000: SUCCESS 14.13 μs
Iteration 639000: SUCCESS 40.48 μs
Iteration 640000: SUCCESS 14.46 μs
Iteration 641000: SUCCESS 14.51 μs
Iteration 642000: SUCCESS 14.36 μs
Iteration 643000: SUCCESS 14.42 μs
Iteration 644000: SUCCESS 16.41 μs
Iteration 645000: SUCCESS 30.54 μs
Iteration 646000: SUCCESS 18.10 μs
Iteration 647000: SUCCESS 18.54 μs
Iteration 648000: SUCCESS 28.76 μs
Iteration 649000: SUCCESS 29.66 μs
Iteration 650000: SUCCESS 19.54 μs
Iteration 651000: SUCCESS 19.47 μs
Iteration 652000: SUCCESS 25.58 μs
Iteration 653000: SUCCESS 25.25 μs
Iteration 654000: SUCCESS 17.86 μs
Iteration 655000: SUCCESS 19.22 μs
Iteration 656000: SUCCESS 27.61 μs
Iteration 657000: SUCCESS 21.57 μs
Iteration 658000: SUCCESS 22.09 μs
Iteration 659000: SUCCESS 22.11 μs
Iteration 660000: SUCCESS 20.88 μs
Iteration 661000: SUCCESS 29.79 μs
Iteration 662000: SUCCESS 39.26 μs
Iteration 663000: SUCCESS 21.01 μs
Iteration 664000: SUCCESS 23.28 μs
Iteration 665000: SUCCESS 22.03 μs
Iteration 666000: SUCCESS 21.84 μs
Iteration 667000: SUCCESS 20.20 μs
Iteration 668000: SUCCESS 19.90 μs
Iteration 669000: SUCCESS 20.62 μs
Iteration 670000: SUCCESS 19.93 μs
Iteration 671000: SUCCESS 19.30 μs
Iteration 672000: SUCCESS 19.68 μs
Iteration 673000: SUCCESS 19.31 μs
Iteration 674000: SUCCESS 20.31 μs
Iteration 675000: SUCCESS 21.67 μs
Iteration 676000: SUCCESS 18.74 μs
Iteration 677000: SUCCESS 18.60 μs
Iteration 678000: SUCCESS 20.03 μs
Iteration 679000: SUCCESS 15.24 μs
Iteration 680000: SUCCESS 15.37 μs
Iteration 681000: SUCCESS 16.75 μs
Iteration 682000: SUCCESS 29.03 μs
Iteration 683000: SUCCESS 18.04 μs
Iteration 684000: SUCCESS 18.44 μs
Iteration 685000: SUCCESS 18.26 μs
Iteration 686000: SUCCESS 18.53 μs
Iteration 687000: SUCCESS 18.19 μs
Iteration 688000: SUCCESS 18.61 μs
Iteration 689000: SUCCESS 18.32 μs
Iteration 690000: SUCCESS 17.87 μs
Iteration 691000: SUCCESS 28.03 μs
Iteration 692000: SUCCESS 18.40 μs
Iteration 693000: SUCCESS 18.81 μs
Iteration 694000: SUCCESS 32.35 μs
Iteration 695000: SUCCESS 18.83 μs
Iteration 696000: SUCCESS 19.71 μs
Iteration 697000: SUCCESS 19.83 μs
Iteration 698000: SUCCESS 19.60 μs
Iteration 699000: SUCCESS 20.35 μs
Iteration 700000: SUCCESS 20.19 μs
Iteration 701000: SUCCESS 29.11 μs
Iteration 702000: SUCCESS 20.23 μs
Iteration 703000: SUCCESS 21.21 μs
Iteration 704000: SUCCESS 44.92 μs
Iteration 705000: SUCCESS 20.88 μs
Iteration 706000: SUCCESS 21.07 μs
Iteration 707000: SUCCESS 20.81 μs
Iteration 708000: SUCCESS 35.84 μs
Iteration 709000: SUCCESS 38.35 μs
Iteration 710000: SUCCESS 55.01 μs
Iteration 711000: SUCCESS 24.89 μs
Iteration 712000: SUCCESS 25.60 μs
Iteration 713000: SUCCESS 34.56 μs
Iteration 714000: SUCCESS 25.63 μs
Iteration 715000: SUCCESS 24.94 μs
Iteration 716000: SUCCESS 25.00 μs
Iteration 717000: SUCCESS 25.10 μs
Iteration 718000: SUCCESS 24.86 μs
Iteration 719000: SUCCESS 24.84 μs
Iteration 720000: SUCCESS 24.81 μs
Iteration 721000: SUCCESS 69.91 μs
Iteration 722000: SUCCESS 24.71 μs
Iteration 723000: SUCCESS 25.10 μs
Iteration 724000: SUCCESS 29.48 μs
Iteration 725000: SUCCESS 24.94 μs
Iteration 726000: SUCCESS 23.76 μs
Iteration 727000: SUCCESS 23.79 μs
Iteration 728000: SUCCESS 23.67 μs
Iteration 729000: SUCCESS 24.25 μs
Iteration 730000: SUCCESS 24.16 μs
Iteration 731000: SUCCESS 25.29 μs
Iteration 732000: SUCCESS 31.00 μs
Iteration 733000: SUCCESS 42.76 μs
Iteration 734000: SUCCESS 38.50 μs
Iteration 735000: SUCCESS 35.06 μs
Iteration 736000: SUCCESS 35.44 μs
Iteration 737000: SUCCESS 41.25 μs
Iteration 738000: SUCCESS 43.83 μs
Iteration 739000: SUCCESS 25.01 μs
Iteration 740000: SUCCESS 24.96 μs
Iteration 741000: SUCCESS 24.79 μs
Iteration 742000: SUCCESS 33.74 μs
Iteration 743000: SUCCESS 25.23 μs
Iteration 744000: SUCCESS 24.81 μs
Iteration 745000: SUCCESS 36.14 μs
Iteration 746000: SUCCESS 35.90 μs
Iteration 747000: SUCCESS 25.15 μs
Iteration 748000: SUCCESS 25.10 μs
Iteration 749000: SUCCESS 24.97 μs
Iteration 750000: SUCCESS 24.69 μs
Iteration 751000: SUCCESS 23.70 μs
Iteration 752000: SUCCESS 23.40 μs
Iteration 753000: SUCCESS 36.95 μs
Iteration 754000: SUCCESS 23.60 μs
Iteration 755000: SUCCESS 23.73 μs
Iteration 756000: SUCCESS 23.52 μs
Iteration 757000: SUCCESS 23.63 μs
Iteration 758000: SUCCESS 23.06 μs
Iteration 759000: SUCCESS 33.15 μs
Iteration 760000: SUCCESS 44.27 μs
Iteration 761000: SUCCESS 22.64 μs
Iteration 762000: SUCCESS 22.87 μs
Iteration 763000: SUCCESS 22.65 μs
Iteration 764000: SUCCESS 23.84 μs
Iteration 765000: SUCCESS 21.42 μs
Iteration 766000: SUCCESS 21.72 μs
Iteration 767000: SUCCESS 21.64 μs
Iteration 768000: SUCCESS 21.78 μs
Iteration 769000: SUCCESS 21.77 μs
Iteration 770000: SUCCESS 28.30 μs
Iteration 771000: SUCCESS 21.71 μs
Iteration 772000: SUCCESS 21.77 μs
Iteration 773000: SUCCESS 36.95 μs
Iteration 774000: SUCCESS 22.37 μs
Iteration 775000: SUCCESS 21.73 μs
Iteration 776000: SUCCESS 21.88 μs
Iteration 777000: SUCCESS 21.56 μs
Iteration 778000: SUCCESS 23.67 μs
Iteration 779000: SUCCESS 135.15 μs
Iteration 780000: SUCCESS 25.59 μs
Iteration 781000: SUCCESS 21.95 μs
Iteration 782000: SUCCESS 22.10 μs
Iteration 783000: SUCCESS 23.32 μs
Iteration 784000: SUCCESS 24.90 μs
Iteration 785000: SUCCESS 30.29 μs
Iteration 786000: SUCCESS 28.30 μs
Iteration 787000: SUCCESS 22.85 μs
Iteration 788000: SUCCESS 23.01 μs
Iteration 789000: SUCCESS 22.69 μs
Iteration 790000: SUCCESS 40.56 μs
Iteration 791000: SUCCESS 31.43 μs
Iteration 792000: SUCCESS 22.81 μs
Iteration 793000: SUCCESS 22.84 μs
Iteration 794000: SUCCESS 22.94 μs
Iteration 795000: SUCCESS 22.67 μs
Iteration 796000: SUCCESS 22.92 μs
Iteration 797000: SUCCESS 23.13 μs
Iteration 798000: SUCCESS 22.71 μs
Iteration 799000: SUCCESS 22.54 μs
Iteration 800000: SUCCESS 81.47 μs
Iteration 801000: SUCCESS 26.62 μs
Iteration 802000: SUCCESS 22.59 μs
Iteration 803000: SUCCESS 23.08 μs
Iteration 804000: SUCCESS 22.78 μs
Iteration 805000: SUCCESS 22.81 μs
Iteration 806000: SUCCESS 24.16 μs
Iteration 807000: SUCCESS 24.16 μs
Iteration 808000: SUCCESS 32.54 μs
Iteration 809000: SUCCESS 27.61 μs
Iteration 810000: SUCCESS 40.27 μs
Iteration 811000: SUCCESS 40.21 μs
Iteration 812000: SUCCESS 45.99 μs
Iteration 813000: SUCCESS 42.53 μs
Iteration 814000: SUCCESS 32.42 μs
Iteration 815000: SUCCESS 27.63 μs
Iteration 816000: SUCCESS 40.26 μs
Iteration 817000: SUCCESS 27.26 μs
Iteration 818000: SUCCESS 32.14 μs
Iteration 819000: SUCCESS 27.10 μs
Iteration 820000: SUCCESS 25.97 μs
Iteration 821000: SUCCESS 26.39 μs
Iteration 822000: SUCCESS 26.55 μs
Iteration 823000: SUCCESS 26.48 μs
Iteration 824000: SUCCESS 25.80 μs
Iteration 825000: SUCCESS 26.87 μs
Iteration 826000: SUCCESS 45.01 μs
Iteration 827000: SUCCESS 25.04 μs
Iteration 828000: SUCCESS 36.55 μs
Iteration 829000: SUCCESS 63.60 μs
Iteration 830000: SUCCESS 32.34 μs
Iteration 831000: SUCCESS 27.89 μs
Iteration 832000: SUCCESS 34.16 μs
Iteration 833000: SUCCESS 40.12 μs
Iteration 834000: SUCCESS 70.24 μs
Iteration 835000: SUCCESS 28.84 μs
Iteration 836000: SUCCESS 50.61 μs
Iteration 837000: SUCCESS 29.81 μs
Iteration 838000: SUCCESS 29.30 μs
Iteration 839000: SUCCESS 29.38 μs
Iteration 840000: SUCCESS 29.29 μs
Iteration 841000: SUCCESS 28.82 μs
Iteration 842000: SUCCESS 28.69 μs
Iteration 843000: SUCCESS 29.91 μs
Iteration 844000: SUCCESS 49.61 μs
Iteration 845000: SUCCESS 27.49 μs
Iteration 846000: SUCCESS 38.01 μs
Iteration 847000: SUCCESS 27.91 μs
Iteration 848000: SUCCESS 28.24 μs
Iteration 849000: SUCCESS 27.39 μs
Iteration 850000: SUCCESS 28.03 μs
Iteration 851000: SUCCESS 27.51 μs
Iteration 852000: SUCCESS 28.65 μs
Iteration 853000: SUCCESS 28.69 μs
Iteration 854000: SUCCESS 60.55 μs
Iteration 855000: SUCCESS 27.97 μs
Iteration 856000: SUCCESS 27.70 μs
Iteration 857000: SUCCESS 25.81 μs
Iteration 858000: SUCCESS 27.02 μs
Iteration 859000: SUCCESS 30.32 μs
Iteration 860000: SUCCESS 39.27 μs
Iteration 861000: SUCCESS 27.28 μs
Iteration 862000: SUCCESS 26.97 μs
Iteration 863000: SUCCESS 43.32 μs
Iteration 864000: SUCCESS 59.87 μs
Iteration 865000: SUCCESS 28.00 μs
Iteration 866000: SUCCESS 50.08 μs
Iteration 867000: SUCCESS 27.13 μs
Iteration 868000: SUCCESS 280.40 μs
Iteration 869000: SUCCESS 42.73 μs
Iteration 870000: SUCCESS 31.54 μs
Iteration 871000: SUCCESS 28.82 μs
Iteration 872000: SUCCESS 28.58 μs
Iteration 873000: SUCCESS 40.23 μs
Iteration 874000: SUCCESS 47.71 μs
Iteration 875000: SUCCESS 58.99 μs
Iteration 876000: SUCCESS 46.35 μs
Iteration 877000: SUCCESS 50.11 μs
Iteration 878000: SUCCESS 40.25 μs
Iteration 879000: SUCCESS 36.12 μs
Iteration 880000: SUCCESS 63.47 μs
Iteration 881000: SUCCESS 36.61 μs
Iteration 882000: SUCCESS 51.23 μs
Iteration 883000: SUCCESS 360.15 μs
Iteration 884000: SUCCESS 95.55 μs
Iteration 885000: SUCCESS 58.98 μs
Iteration 886000: SUCCESS 69.79 μs
Iteration 887000: SUCCESS 203.04 μs
Iteration 888000: SUCCESS 282.14 μs
Iteration 889000: SUCCESS 59.50 μs
Iteration 890000: SUCCESS 57.89 μs
Iteration 891000: SUCCESS 64.12 μs
Iteration 892000: SUCCESS 70.64 μs
Iteration 893000: SUCCESS 75.80 μs
Iteration 894000: SUCCESS 166.77 μs
Iteration 895000: SUCCESS 65.07 μs
Iteration 896000: SUCCESS 71.50 μs
Iteration 897000: SUCCESS 70.07 μs
Iteration 898000: SUCCESS 54.02 μs
Iteration 899000: SUCCESS 75.47 μs
Iteration 900000: SUCCESS 64.08 μs
Iteration 901000: SUCCESS 56.54 μs
Iteration 902000: SUCCESS 52.91 μs
Iteration 903000: SUCCESS 59.41 μs
Iteration 904000: SUCCESS 54.80 μs
Iteration 905000: SUCCESS 54.09 μs
Iteration 906000: SUCCESS 53.42 μs
Iteration 907000: SUCCESS 49.86 μs
Iteration 908000: SUCCESS 46.34 μs
Iteration 909000: SUCCESS 65.14 μs
Iteration 910000: SUCCESS 36.77 μs
Iteration 911000: SUCCESS 42.60 μs
Iteration 912000: SUCCESS 48.80 μs
Iteration 913000: SUCCESS 50.07 μs
Iteration 914000: SUCCESS 48.80 μs
Iteration 915000: SUCCESS 47.26 μs
Iteration 916000: SUCCESS 49.09 μs
Iteration 917000: SUCCESS 46.98 μs
Iteration 918000: SUCCESS 49.09 μs
Iteration 919000: SUCCESS 49.03 μs
Iteration 920000: SUCCESS 34.39 μs
Iteration 921000: SUCCESS 49.70 μs
Iteration 922000: SUCCESS 56.36 μs
Iteration 923000: SUCCESS 48.41 μs
Iteration 924000: SUCCESS 48.30 μs
Iteration 925000: SUCCESS 47.22 μs
Iteration 926000: SUCCESS 34.10 μs
Iteration 927000: SUCCESS 45.68 μs
Iteration 928000: SUCCESS 76.84 μs
Iteration 929000: SUCCESS 39.96 μs
Iteration 930000: SUCCESS 61.91 μs
Iteration 931000: SUCCESS 34.59 μs
Iteration 932000: SUCCESS 47.84 μs
Iteration 933000: SUCCESS 62.93 μs
Iteration 934000: SUCCESS 47.20 μs
Iteration 935000: SUCCESS 40.44 μs
Iteration 936000: SUCCESS 50.76 μs
Iteration 937000: SUCCESS 71.14 μs
Iteration 938000: SUCCESS 42.79 μs
Iteration 939000: SUCCESS 47.51 μs
Iteration 940000: SUCCESS 39.96 μs
Iteration 941000: SUCCESS 46.70 μs
Iteration 942000: SUCCESS 46.29 μs
Iteration 943000: SUCCESS 33.86 μs
Iteration 944000: SUCCESS 34.46 μs
Iteration 945000: SUCCESS 52.67 μs
Iteration 946000: SUCCESS 39.75 μs
Iteration 947000: SUCCESS 66.47 μs
Iteration 948000: SUCCESS 52.42 μs
Iteration 949000: SUCCESS 46.89 μs
Iteration 950000: SUCCESS 62.08 μs
Iteration 951000: SUCCESS 48.59 μs
Iteration 952000: SUCCESS 49.26 μs
Iteration 953000: SUCCESS 34.72 μs
Iteration 954000: SUCCESS 49.55 μs
Iteration 955000: SUCCESS 47.97 μs
Iteration 956000: SUCCESS 34.68 μs
Iteration 957000: SUCCESS 52.02 μs
Iteration 958000: SUCCESS 52.57 μs
Iteration 959000: SUCCESS 34.52 μs
Iteration 960000: SUCCESS 34.29 μs
Iteration 961000: SUCCESS 70.46 μs
Iteration 962000: SUCCESS 62.14 μs
Iteration 963000: SUCCESS 34.52 μs
Iteration 964000: SUCCESS 47.76 μs
Iteration 965000: SUCCESS 40.60 μs
Iteration 966000: SUCCESS 34.35 μs
Iteration 967000: SUCCESS 33.65 μs
Iteration 968000: SUCCESS 60.93 μs
Iteration 969000: SUCCESS 47.83 μs
Iteration 970000: SUCCESS 30.39 μs
Iteration 971000: SUCCESS 30.45 μs
Iteration 972000: SUCCESS 35.84 μs
Iteration 973000: SUCCESS 48.28 μs
Iteration 974000: SUCCESS 38.08 μs
Iteration 975000: SUCCESS 28.52 μs
Iteration 976000: SUCCESS 33.35 μs
Iteration 977000: SUCCESS 28.81 μs
Iteration 978000: SUCCESS 46.73 μs
Iteration 979000: SUCCESS 39.73 μs
Iteration 980000: SUCCESS 27.38 μs
Iteration 981000: SUCCESS 27.14 μs
Iteration 982000: SUCCESS 32.02 μs
Iteration 983000: SUCCESS 27.07 μs
Iteration 984000: SUCCESS 34.23 μs
Iteration 985000: SUCCESS 45.73 μs
Iteration 986000: SUCCESS 27.21 μs
Iteration 987000: SUCCESS 25.94 μs
Iteration 988000: SUCCESS 26.27 μs
Iteration 989000: SUCCESS 26.11 μs
Iteration 990000: SUCCESS 44.29 μs
Iteration 991000: SUCCESS 25.93 μs
Iteration 992000: SUCCESS 32.22 μs
Iteration 993000: SUCCESS 46.22 μs
Iteration 994000: SUCCESS 25.73 μs
Iteration 995000: SUCCESS 26.02 μs
Iteration 996000: SUCCESS 26.12 μs
Iteration 997000: SUCCESS 47.06 μs
Iteration 998000: SUCCESS 46.25 μs
Iteration 999000: SUCCESS 24.39 μs

Results:
Total time: 24.1127 seconds
Successful opens: 1000000
Blocked opens: 0
Average per open(): 24.11 μs
Syscall throughput: 41472 opens/sec
